[     188ms] [WARNING] cdn.tailwindcss.com should not be used in production. To use Tailwind CSS in production, install it as a PostCSS plugin or use the Tailwind CLI: https://tailwindcss.com/docs/installation @ https://cdn.tailwindcss.com/:63
[     398ms] [INFO] %cDownload the React DevTools for a better development experience: https://reactjs.org/link/react-devtools font-weight:bold @ https://unpkg.com/react-dom@18/umd/react-dom.development.js:29904
[     893ms] [WARNING] You are using the in-browser Babel transformer. Be sure to precompile your scripts for production - https://babeljs.io/docs/setup/ @ https://unpkg.com/@babel/standalone/babel.min.js:2
[   26874ms] Uncaught (in promise) Error: API 개별 연동 키의 클라이언트 키로 SDK를 연동해주세요. 결제위젯 연동 키는 지원하지 않습니다.
    at <anonymous> (https://js.tosspayments.com/v2/standard:6:449849)
    at with (https://js.tosspayments.com/v2/standard:6:67248)
    at e (https://js.tosspayments.com/v2/standard:6:449827)
    at value (https://js.tosspayments.com/v2/standard:6:483159)
    at i.value (https://js.tosspayments.com/v2/standard:6:427406)
    at value (https://js.tosspayments.com/v2/standard:6:387221)
    at <anonymous> (:443:35)
    at <anonymous> (:7:1659)
    at <anonymous> (:8:254)
    at asyncGeneratorStep (:9:69)
    at _next (:10:162)
    at <anonymous> (:10:298)
    at <anonymous> (:10:89)
    at handlePayment (:477:19)
    at callCallback (https://unpkg.com/react-dom@18/umd/react-dom.development.js:4150:15)
    at invokeGuardedCallbackDev (https://unpkg.com/react-dom@18/umd/react-dom.development.js:4199:17)
    at invokeGuardedCallback (https://unpkg.com/react-dom@18/umd/react-dom.development.js:4263:32)
    at invokeGuardedCallbackAndCatchFirstError (https://unpkg.com/react-dom@18/umd/react-dom.development.js:4277:26)
    at executeDispatch (https://unpkg.com/react-dom@18/umd/react-dom.development.js:9050:4)
    at processDispatchQueueItemsInOrder (https://unpkg.com/react-dom@18/umd/react-dom.development.js:9082:8)
    at processDispatchQueue (https://unpkg.com/react-dom@18/umd/react-dom.development.js:9095:6)
    at dispatchEventsForPlugins (https://unpkg.com/react-dom@18/umd/react-dom.development.js:9106:4)
    at <anonymous> (https://unpkg.com/react-dom@18/umd/react-dom.development.js:9297:13)
    at batchedUpdates$1 (https://unpkg.com/react-dom@18/umd/react-dom.development.js:26188:13)
    at batchedUpdates (https://unpkg.com/react-dom@18/umd/react-dom.development.js:3977:13)
    at dispatchEventForPluginEventSystem (https://unpkg.com/react-dom@18/umd/react-dom.development.js:9296:4)
    at dispatchEventWithEnableCapturePhaseSelectiveHydrationWithoutDiscreteEventReplay (https://unpkg.com/react-dom@18/umd/react-dom.development.js:6474:6)
    at dispatchEvent (https://unpkg.com/react-dom@18/umd/react-dom.development.js:6466:6)
    at dispatchDiscreteEvent (https://unpkg.com/react-dom@18/umd/react-dom.development.js:6439:6)
